// Vitest Snapshot v1, https://vitest.dev/guide/snapshot.html

exports[`<ProductsList /> > should render all products 1`] = `
<div
  class="grid grid-cols-1 sm:grid-cols-2 md:grid-cols-3 lg:grid-cols-4 xl:grid-cols-5 gap-6 w-full max-w-7xl mb-12 mx-auto px-0 sm:px-4"
>
  <div
    class="rounded-2xl bg-white p-6 flex flex-col items-center shadow-md border border-gray-200"
  >
    <h2
      class="text-lg font-semibold mb-2 text-black text-center"
    >
      Cheeseburger Combo
    </h2>
    <p
      class="text-gray-700 mb-4"
    >
      $
      12.99
    </p>
    <button
      aria-label="Add Cheeseburger Combo to cart"
      class="rounded-full bg-red-600 hover:bg-red-700 text-white px-4 py-2 text-sm font-medium transition-colors"
    >
      Add to Cart
    </button>
  </div>
  <div
    class="rounded-2xl bg-white p-6 flex flex-col items-center shadow-md border border-gray-200"
  >
    <h2
      class="text-lg font-semibold mb-2 text-black text-center"
    >
      Large Pepperoni Pizza
    </h2>
    <p
      class="text-gray-700 mb-4"
    >
      $
      18.99
    </p>
    <button
      aria-label="Add Large Pepperoni Pizza to cart"
      class="rounded-full bg-red-600 hover:bg-red-700 text-white px-4 py-2 text-sm font-medium transition-colors"
    >
      Add to Cart
    </button>
  </div>
</div>
`;
