// Vitest Snapshot v1, https://vitest.dev/guide/snapshot.html

exports[`<Product /> > should render product information correctly 1`] = `
<div
  class="rounded-2xl bg-white p-6 flex flex-col items-center shadow-md border border-gray-200"
>
  <h2
    class="text-lg font-semibold mb-2 text-black text-center"
  >
    Cheeseburger Combo
  </h2>
  <p
    class="text-gray-700 mb-4"
  >
    $
    12.99
  </p>
  <button
    aria-label="Add Cheeseburger Combo to cart"
    class="rounded-full bg-red-600 hover:bg-red-700 text-white px-4 py-2 text-sm font-medium transition-colors"
  >
    Add to Cart
  </button>
</div>
`;
